******************************************************************************
                  MSP430 Linker PC v4.3.1                      
******************************************************************************
>> Linked Wed Jun 04 19:25:32 2014

OUTPUT FILE NAME:   <Proj17_cymbals_monkey.out>
ENTRY POINT SYMBOL: "_c_int00"  address: 0000fac8


MEMORY CONFIGURATION

         name            origin    length      used     unused   attr    fill
----------------------  --------  ---------  --------  --------  ----  --------
  SFR                   00000000   00000010  00000000  00000010  RWIX
  PERIPHERALS_8BIT      00000010   000000f0  00000000  000000f0  RWIX
  PERIPHERALS_16BIT     00000100   00000100  00000000  00000100  RWIX
  RAM                   00000200   00000080  0000005c  00000024  RWIX
  INFOD                 00001000   00000040  00000000  00000040  RWIX
  INFOC                 00001040   00000040  00000000  00000040  RWIX
  INFOB                 00001080   00000040  00000000  00000040  RWIX
  INFOA                 000010c0   00000040  00000000  00000040  RWIX
  FLASH                 0000f800   000007e0  00000342  0000049e  RWIX
  INT00                 0000ffe0   00000002  00000000  00000002  RWIX
  INT01                 0000ffe2   00000002  00000000  00000002  RWIX
  INT02                 0000ffe4   00000002  00000002  00000000  RWIX
  INT03                 0000ffe6   00000002  00000002  00000000  RWIX
  INT04                 0000ffe8   00000002  00000002  00000000  RWIX
  INT05                 0000ffea   00000002  00000000  00000002  RWIX
  INT06                 0000ffec   00000002  00000000  00000002  RWIX
  INT07                 0000ffee   00000002  00000000  00000002  RWIX
  INT08                 0000fff0   00000002  00000002  00000000  RWIX
  INT09                 0000fff2   00000002  00000002  00000000  RWIX
  INT10                 0000fff4   00000002  00000002  00000000  RWIX
  INT11                 0000fff6   00000002  00000000  00000002  RWIX
  INT12                 0000fff8   00000002  00000000  00000002  RWIX
  INT13                 0000fffa   00000002  00000000  00000002  RWIX
  INT14                 0000fffc   00000002  00000002  00000000  RWIX
  RESET                 0000fffe   00000002  00000002  00000000  RWIX


SECTION ALLOCATION MAP

 output                                  attributes/
section   page    origin      length       input sections
--------  ----  ----------  ----------   ----------------
.init_array 
*          0    0000f800    00000000     UNINITIALIZED

.data      0    00000200    0000002a     UNINITIALIZED
                  00000200    0000002a     main.obj (.data)

.TI.persistent 
*          0    00000200    00000000     UNINITIALIZED

.stack     0    0000024c    00000032     UNINITIALIZED
                  0000024c    00000002     rts430_eabi.lib : boot.obj (.stack)
                  0000024e    00000030     --HOLE--

.text      0    0000f800    00000330     
                  0000f800    00000116     main.obj (.text:main)
                  0000f916    000000f6     main.obj (.text:Port_1)
                  0000fa0c    0000005e     rts430_eabi.lib : copy_decompress_rle.obj (.text:__TI_decompress_rle_core)
                  0000fa6a    0000005e                     : autoinit.obj (.text:_auto_init)
                  0000fac8    0000001a                     : boot.obj (.text:_c_int00_noexit)
                  0000fae2    00000012                     : copy_decompress_none.obj (.text:decompress:none:__TI_decompress_none)
                  0000faf4    00000012                     : memcpy.obj (.text:memcpy)
                  0000fb06    00000010                     : epilog.obj (.text)
                  0000fb16    00000006     main.obj (.text:Timer0_A0)
                  0000fb1c    00000006     rts430_eabi.lib : isr_trap.obj (.text:__TI_ISR_TRAP)
                  0000fb22    00000006                     : copy_decompress_rle.obj (.text:decompress:rle24:__TI_decompress_rle24)
                  0000fb28    00000004                     : pre_init.obj (.text:_system_pre_init)
                  0000fb2c    00000004                     : exit.obj (.text:abort)

.cinit     0    0000fb30    00000012     
                  0000fb30    00000009     (.cinit..data.load) [load image, compression = rle]
                  0000fb39    00000001     --HOLE-- [fill = 0]
                  0000fb3a    00000004     (__TI_handler_table)
                  0000fb3e    00000004     (__TI_cinit_table)

PORT1      0    0000ffe4    00000002     
                  0000ffe4    00000002     main.obj (.int02)

PORT2      0    0000ffe6    00000002     
                  0000ffe6    00000002     rts430_eabi.lib : int03.obj (.int03)

USI        0    0000ffe8    00000002     
                  0000ffe8    00000002     rts430_eabi.lib : int04.obj (.int04)

TIMERA1    0    0000fff0    00000002     
                  0000fff0    00000002     rts430_eabi.lib : int08.obj (.int08)

TIMERA0    0    0000fff2    00000002     
                  0000fff2    00000002     main.obj (.int09)

WDT        0    0000fff4    00000002     
                  0000fff4    00000002     rts430_eabi.lib : int10.obj (.int10)

NMI        0    0000fffc    00000002     
                  0000fffc    00000002     rts430_eabi.lib : int14.obj (.int14)

.reset     0    0000fffe    00000002     
                  0000fffe    00000002     rts430_eabi.lib : boot.obj (.reset)


LINKER GENERATED COPY TABLES

__TI_cinit_table @ 0000fb3e records: 1, size/record: 4, table size: 4
	.data: load addr=0000fb30, load size=00000009 bytes, run addr=00000200, run size=0000002a bytes, compression=rle


LINKER GENERATED HANDLER TABLE

__TI_handler_table @ 0000fb3a records: 2, size/record: 2, table size: 4
	index: 0, handler: __TI_decompress_rle24
	index: 1, handler: __TI_decompress_none


GLOBAL SYMBOLS: SORTED ALPHABETICALLY BY Name 

address    name
--------   ----
00000057   BCSCTL1
00000058   BCSCTL2
00000053   BCSCTL3
0000fb2c   C$$EXIT
000010ff   CALBC1_1MHZ
000010fe   CALDCO_1MHZ
00000056   DCOCTL
00000128   FCTL1
0000012a   FCTL2
0000012c   FCTL3
00000000   IE1
00000002   IFG1
00000022   P1DIR
00000025   P1IE
00000024   P1IES
00000023   P1IFG
00000020   P1IN
00000021   P1OUT
00000027   P1REN
00000026   P1SEL
0000002a   P2DIR
0000002d   P2IE
0000002c   P2IES
0000002b   P2IFG
00000028   P2IN
00000029   P2OUT
0000002f   P2REN
0000002e   P2SEL
0000f916   Port_1
00000172   TACCR0
00000174   TACCR1
00000162   TACCTL0
00000164   TACCTL1
00000160   TACTL
0000012e   TAIV
00000170   TAR
0000fb16   Timer0_A0
0000007a   USICCTL
0000007a   USICKCTL
0000007b   USICNT
00000078   USICTL
00000078   USICTL0
00000079   USICTL1
0000007c   USISR
0000007d   USISRH
0000007c   USISRL
00000120   WDTCTL
0000027e   __STACK_END
00000032   __STACK_SIZE
0000fb3e   __TI_CINIT_Base
0000fb42   __TI_CINIT_Limit
0000fb3a   __TI_Handler_Table_Base
0000fb3e   __TI_Handler_Table_Limit
UNDEFED    __TI_INITARRAY_Base
UNDEFED    __TI_INITARRAY_Limit
0000fb1c   __TI_ISR_TRAP
00000001   __TI_args_main
0000fae2   __TI_decompress_none
0000fb22   __TI_decompress_rle24
00000001   __TI_exit
0000ffe4   __TI_int02
0000ffe6   __TI_int03
0000ffe8   __TI_int04
0000fff0   __TI_int08
0000fff2   __TI_int09
0000fff4   __TI_int10
0000fffc   __TI_int14
ffffffff   __binit__
ffffffff   __c_args__
0000fb12   __mspabi_func_epilog_1
0000fb10   __mspabi_func_epilog_2
0000fb0e   __mspabi_func_epilog_3
0000fb0c   __mspabi_func_epilog_4
0000fb0a   __mspabi_func_epilog_5
0000fb08   __mspabi_func_epilog_6
0000fb06   __mspabi_func_epilog_7
0000fa6a   _auto_init
0000fac8   _c_int00
0000fac8   _c_int00_noexit
0000fffe   _reset_vector
0000024c   _stack
0000fb28   _system_pre_init
0000fb2c   abort
ffffffff   binit
00000200   bit
00000202   bitt
00000204   count
0000021a   eight
00000214   five
00000212   four
0000021c   ledcount
00000208   loopcount
0000020a   loopcountMAX
0000f800   main
0000faf4   memcpy
00000220   odd
0000020c   one
00000222   realdata
00000206   resetcount
00000226   rxdata
00000218   seven
00000216   six
00000210   three
0000020e   two


GLOBAL SYMBOLS: SORTED BY Symbol Address 

address    name
--------   ----
00000000   IE1
00000001   __TI_args_main
00000001   __TI_exit
00000002   IFG1
00000020   P1IN
00000021   P1OUT
00000022   P1DIR
00000023   P1IFG
00000024   P1IES
00000025   P1IE
00000026   P1SEL
00000027   P1REN
00000028   P2IN
00000029   P2OUT
0000002a   P2DIR
0000002b   P2IFG
0000002c   P2IES
0000002d   P2IE
0000002e   P2SEL
0000002f   P2REN
00000032   __STACK_SIZE
00000053   BCSCTL3
00000056   DCOCTL
00000057   BCSCTL1
00000058   BCSCTL2
00000078   USICTL
00000078   USICTL0
00000079   USICTL1
0000007a   USICCTL
0000007a   USICKCTL
0000007b   USICNT
0000007c   USISR
0000007c   USISRL
0000007d   USISRH
00000120   WDTCTL
00000128   FCTL1
0000012a   FCTL2
0000012c   FCTL3
0000012e   TAIV
00000160   TACTL
00000162   TACCTL0
00000164   TACCTL1
00000170   TAR
00000172   TACCR0
00000174   TACCR1
00000200   bit
00000202   bitt
00000204   count
00000206   resetcount
00000208   loopcount
0000020a   loopcountMAX
0000020c   one
0000020e   two
00000210   three
00000212   four
00000214   five
00000216   six
00000218   seven
0000021a   eight
0000021c   ledcount
00000220   odd
00000222   realdata
00000226   rxdata
0000024c   _stack
0000027e   __STACK_END
000010fe   CALDCO_1MHZ
000010ff   CALBC1_1MHZ
0000f800   main
0000f916   Port_1
0000fa6a   _auto_init
0000fac8   _c_int00
0000fac8   _c_int00_noexit
0000fae2   __TI_decompress_none
0000faf4   memcpy
0000fb06   __mspabi_func_epilog_7
0000fb08   __mspabi_func_epilog_6
0000fb0a   __mspabi_func_epilog_5
0000fb0c   __mspabi_func_epilog_4
0000fb0e   __mspabi_func_epilog_3
0000fb10   __mspabi_func_epilog_2
0000fb12   __mspabi_func_epilog_1
0000fb16   Timer0_A0
0000fb1c   __TI_ISR_TRAP
0000fb22   __TI_decompress_rle24
0000fb28   _system_pre_init
0000fb2c   C$$EXIT
0000fb2c   abort
0000fb3a   __TI_Handler_Table_Base
0000fb3e   __TI_CINIT_Base
0000fb3e   __TI_Handler_Table_Limit
0000fb42   __TI_CINIT_Limit
0000ffe4   __TI_int02
0000ffe6   __TI_int03
0000ffe8   __TI_int04
0000fff0   __TI_int08
0000fff2   __TI_int09
0000fff4   __TI_int10
0000fffc   __TI_int14
0000fffe   _reset_vector
ffffffff   __binit__
ffffffff   __c_args__
ffffffff   binit
UNDEFED    __TI_INITARRAY_Base
UNDEFED    __TI_INITARRAY_Limit

[104 symbols]
